// Jest Snapshot v1, https://goo.gl/fbAQLP

exports[`NoteItem component renders the NoteItem given props 1`] = `
<div
  className="noteItem"
>
  <h2>
    <Link
      to="/note/a"
    >
      test-class-name
    </Link>
  </h2>
  <p>
    Date modified 
    2019-01-03T00:00:00.000Z
  </p>
  <button
    onClick={[Function]}
  >
    Delete note
  </button>
</div>
`;
