// Jest Snapshot v1, https://goo.gl/fbAQLP

exports[`FolderList component renders the FolderList given props 1`] = `
<FolderList
  folders={
    Array [
      Object {
        "id": "1",
        "name": "folder A",
      },
      Object {
        "id": "2",
        "name": "folder B",
      },
      Object {
        "id": "3",
        "name": "folder C",
      },
    ]
  }
/>
`;

exports[`FolderList component renders with no props 1`] = `<FolderList />`;
